// Jest Snapshot v1, https://goo.gl/fbAQLP

exports[`IconCross.vue renders a snapshot: default 1`] = `
<svg viewPort="0 0 12 12" width="12" height="12" aria-label="" version="1.1" xmlns="http://www.w3.org/2000/svg">
  <line x1="1" y1="11" x2="11" y2="1" stroke="currentColor" stroke-width="2"></line>
  <line x1="1" y1="1" x2="11" y2="11" stroke="currentColor" stroke-width="2"></line>
</svg>
`;
