// Jest Snapshot v1, https://goo.gl/fbAQLP

exports[`MailboxMessageListItem.vue renders a snapshot: default 1`] = `
<a href="#" class="MailboxMessageListItem MailboxMessageListItem--unread">
  <div class="MailboxMessageListItem__header">
    <p class="MailboxMessageListItem__title">sender name</p> <button class="MailboxMessageListItem__remove-button"><svg viewPort="0 0 12 12" width="12" height="12" aria-label="Delete the message" version="1.1" xmlns="http://www.w3.org/2000/svg">
        <line x1="1" y1="11" x2="11" y2="1" stroke="currentColor" stroke-width="2"></line>
        <line x1="1" y1="1" x2="11" y2="11" stroke="currentColor" stroke-width="2"></line>
      </svg></button>
  </div>
  <p class="MailboxMessageListItem__subject">subject</p>
  <p class="MailboxMessageListItem__date">Tue 29 March, 12:52</p>
</a>
`;
